Microchip MPLAB XC8 Compiler V2.00 ()

Linker command line:

-W-3 --edf=C:\Program Files (x86)\Microchip\xc8\v2.00\pic\dat\en_msgs.txt \
  -cs -h+dist/default/production\uartStepMotor.X.production.sym \
  --cmf=dist/default/production\uartStepMotor.X.production.cmf -z -Q16F887 \
  -oC:\Users\478722~1\AppData\Local\Temp\skok.2 \
  -Mdist/default/production/uartStepMotor.X.production.map -E1 -ver=XC8 \
  --acfsm=1493 -ASTACK=0110h-016fh -pstack=STACK -ACODE=00h-07FFhx4 \
  -ASTRCODE=00h-01FFFh -ASTRING=00h-0FFhx32 -ACONST=00h-0FFhx32 \
  -AENTRY=00h-0FFhx32 -ACOMMON=070h-07Fh -ABANK0=020h-06Fh \
  -ABANK1=0A0h-0EFh -ABANK2=0110h-016Fh -ABANK3=0190h-01EFh \
  -ARAM=020h-06Fh,0A0h-0EFh,0110h-016Fh,0190h-01EFh \
  -AABS1=020h-07Fh,0A0h-0EFh,0110h-016Fh,0190h-01EFh -ASFR0=00h-01Fh \
  -ASFR1=080h-09Fh -ASFR2=0100h-010Fh -ASFR3=0180h-018Fh \
  -preset_vec=00h,intentry,init,end_init -ppowerup=CODE -pcinit=CODE \
  -pfunctab=ENTRY -ACONFIG=02007h-02008h -pconfig=CONFIG -DCONFIG=2 \
  -AIDLOC=02000h-02003h -pidloc=IDLOC -DIDLOC=2 -AEEDATA=00h-0FFh/02100h \
  -peeprom_data=EEDATA -DEEDATA=2 -DCODE=2 -DSTRCODE=2 -DSTRING=2 -DCONST=2 \
  -DENTRY=2 -k C:\Users\478722~1\AppData\Local\Temp\skok.o \
  dist/default/production\uartStepMotor.X.production.o 

Object code version is 3.11

Machine type is 16F887



                Name                               Link     Load   Length Selector   Space Scale
C:\Users\478722~1\AppData\Local\Temp\skok.o
                end_init                              0        0        3        0       0
                config                             2007     2007        2     400E       0
dist/default/production\uartStepMotor.X.production.o
                cinit                               7EE      7EE       12      FDC       0
                text10                              105      105       28      20A       0
                text9                               12D      12D       2A      25A       0
                text8                               479      479      375      8F2       0
                text7                               1C9      1C9       9C      392       0
                text6                               265      265       C2      4CA       0
                text5                               157      157       72      2AE       0
                text4                                98       98       13      130       0
                text3                                BE       BE       23      17C       0
                text2                                79       79        E       F2       0
                text1                                E1       E1       24      1C2       0
                maintext                            327      327      152      64E       0
                cstackBANK0                          20       20       34       20       1
                cstackCOMMON                         70       70        E       70       1
                inittext                             AB       AB       13      156       0
                dataBANK0                            54       54       11       20       1
                strings                               3        3       4D        6       0
                idataBANK0                           87       87       11      10E       0

TOTAL           Name                               Link     Load   Length     Space
        CLASS   STACK          

        CLASS   CODE           
                end_init                              0        0        3         0
                cinit                               7EE      7EE       12         0
                text10                              105      105       28         0
                text9                               12D      12D       2A         0
                text8                               479      479      375         0
                text7                               1C9      1C9       9C         0
                text6                               265      265       C2         0
                text5                               157      157       72         0
                text4                                98       98       13         0
                text3                                BE       BE       23         0
                text2                                79       79        E         0
                text1                                E1       E1       24         0
                maintext                            327      327      152         0
                inittext                             AB       AB       13         0
                idataBANK0                           87       87       11         0

        CLASS   STRCODE        

        CLASS   STRING         
                strings                               3        3       4D         0

        CLASS   CONST          

        CLASS   ENTRY          

        CLASS   COMMON         
                cstackCOMMON                         70       70        E         1

        CLASS   BANK0          
                cstackBANK0                          20       20       34         1
                dataBANK0                            54       54       11         1

        CLASS   BANK1          

        CLASS   BANK2          

        CLASS   BANK3          

        CLASS   RAM            

        CLASS   ABS1           
                abs_s1                               7E       7E        2         1

        CLASS   SFR0           

        CLASS   SFR1           

        CLASS   SFR2           

        CLASS   SFR3           

        CLASS   CONFIG         
                config                             2007     2007        2         0

        CLASS   IDLOC          

        CLASS   EEDATA         



SEGMENTS        Name                           Load    Length   Top    Selector   Space  Class     Delta

                reset_vec                      000000  000003  000003         0       0  CODE        2
                strings                        000003  00004D  000050         6       0  STRING      2
                cstackBANK0                    000020  000045  000065        20       1  BANK0       1
                cstackCOMMON                   000070  00000E  00007E        70       1  COMMON      1
                text2                          000079  00000E  000087        F2       0  CODE        2
                idataBANK0                     000087  000011  000098       10E       0  CODE        2
                text4                          000098  000013  0000AB       130       0  CODE        2
                inittext                       0000AB  000013  0000BE       156       0  CODE        2
                text3                          0000BE  000023  0000E1       17C       0  CODE        2
                text1                          0000E1  000024  000105       1C2       0  CODE        2
                text10                         000105  000028  00012D       20A       0  CODE        2
                text9                          00012D  00002A  000157       25A       0  CODE        2
                text5                          000157  000072  0001C9       2AE       0  CODE        2
                text7                          0001C9  00009C  000265       392       0  CODE        2
                text6                          000265  0000C2  000327       4CA       0  CODE        2
                maintext                       000327  000152  000479       64E       0  CODE        2
                text8                          000479  000375  0007EE       8F2       0  CODE        2
                cinit                          0007EE  000012  000800       FDC       0  CODE        2
                config                         002007  000002  002009      400E       0  CONFIG      2


UNUSED ADDRESS RANGES

        Name                Unused          Largest block    Delta
        BANK0            0065-006F              B           1
        BANK1            00A0-00EF             50           1
        BANK2            0110-016F             60           1
        BANK3            0190-01EF             60           1
        CODE             0050-0078             29           2
                         0800-1FFF            800
        CONST            0050-0078             29           2
                         0800-1FFF            100
        EEDATA           2100-21FF            100           2
        ENTRY            0050-0078             29           2
                         0800-1FFF            100
        IDLOC            2000-2003              4           2
        RAM              0065-006F              B           1
                         00A0-00EF             50
                         0110-016F             60
                         0190-01EF             60
        SFR0             0000-001F             20           1
        SFR1             0080-009F             20           1
        SFR2             0100-010F             10           1
        SFR3             0180-018F             10           1
        STACK            0110-016F             60           1
        STRCODE          0050-0078             29           2
                         0800-1FFF           1800
        STRING           0050-0078             29           2
                         0800-1FFF            100

                                  Symbol Table

?__Umul8_16              cstackCOMMON 0070
?___flmul                cstackBANK0  0020
?___fltol                cstackBANK0  003A
?___wmul                 cstackCOMMON 0070
?___xxtofl               cstackCOMMON 0070
_ADCON0                  (abs)        001F
_ADCON0bits              (abs)        001F
_ADCON1                  (abs)        009F
_ADRESH                  (abs)        001E
_ADRESL                  (abs)        009E
_ANSELH                  (abs)        0189
_PIE1bits                (abs)        008C
_PIR1bits                (abs)        000C
_PORTA                   (abs)        0005
_PORTB                   (abs)        0006
_PORTBbits               (abs)        0006
_PORTC                   (abs)        0007
_PORTD                   (abs)        0008
_RCREG                   (abs)        001A
_RCSTAbits               (abs)        0018
_SPBRG                   (abs)        0099
_TRISA                   (abs)        0085
_TRISB                   (abs)        0086
_TRISC                   (abs)        0087
_TRISCbits               (abs)        0087
_TRISD                   (abs)        0088
_TXREG                   (abs)        0019
_TXSTAbits               (abs)        0098
__CFG_BOR4V$BOR40V       (abs)        0000
__CFG_BOREN$OFF          (abs)        0000
__CFG_CP$OFF             (abs)        0000
__CFG_CPD$OFF            (abs)        0000
__CFG_FCMEN$OFF          (abs)        0000
__CFG_FOSC$HS            (abs)        0000
__CFG_IESO$OFF           (abs)        0000
__CFG_LVP$OFF            (abs)        0000
__CFG_MCLRE$OFF          (abs)        0000
__CFG_PWRTE$ON           (abs)        0000
__CFG_WDTE$OFF           (abs)        0000
__CFG_WRT$OFF            (abs)        0000
__Habs1                  abs1         0000
__Hbank0                 bank0        0000
__Hbank1                 bank1        0000
__Hbank2                 bank2        0000
__Hbank3                 bank3        0000
__Hcinit                 cinit        0800
__Hclrtext               clrtext      0000
__Hcode                  code         0000
__Hcommon                common       0000
__Hconfig                config       2009
__HcstackBANK0           cstackBANK0  0000
__HcstackCOMMON          cstackCOMMON 0000
__HdataBANK0             dataBANK0    0000
__Heeprom_data           eeprom_data  0000
__Hend_init              end_init     0003
__Hfunctab               functab      0000
__HidataBANK0            idataBANK0   0000
__Hidloc                 idloc        0000
__Hinit                  init         0000
__Hinittext              inittext     0000
__Hintentry              intentry     0000
__Hmaintext              maintext     0000
__Hpowerup               powerup      0000
__Hram                   ram          0000
__Hreset_vec             reset_vec    0000
__Hsfr0                  sfr0         0000
__Hsfr1                  sfr1         0000
__Hsfr2                  sfr2         0000
__Hsfr3                  sfr3         0000
__Hspace_0               (abs)        2009
__Hspace_1               (abs)        007E
__Hspace_2               (abs)        0000
__Hspace_3               (abs)        0000
__Hstack                 stack        0000
__Hstrings               strings      0000
__Htext                  text         0000
__Labs1                  abs1         0000
__Lbank0                 bank0        0000
__Lbank1                 bank1        0000
__Lbank2                 bank2        0000
__Lbank3                 bank3        0000
__Lcinit                 cinit        07EE
__Lclrtext               clrtext      0000
__Lcode                  code         0000
__Lcommon                common       0000
__Lconfig                config       2007
__LcstackBANK0           cstackBANK0  0000
__LcstackCOMMON          cstackCOMMON 0000
__LdataBANK0             dataBANK0    0000
__Leeprom_data           eeprom_data  0000
__Lend_init              end_init     0000
__Lfunctab               functab      0000
__LidataBANK0            idataBANK0   0000
__Lidloc                 idloc        0000
__Linit                  init         0000
__Linittext              inittext     0000
__Lintentry              intentry     0000
__Lmaintext              maintext     0000
__Lpowerup               powerup      0000
__Lram                   ram          0000
__Lreset_vec             reset_vec    0000
__Lsfr0                  sfr0         0000
__Lsfr1                  sfr1         0000
__Lsfr2                  sfr2         0000
__Lsfr3                  sfr3         0000
__Lspace_0               (abs)        0000
__Lspace_1               (abs)        0000
__Lspace_2               (abs)        0000
__Lspace_3               (abs)        0000
__Lstack                 stack        0000
__Lstrings               strings      0000
__Ltext                  text         0000
__S0                     (abs)        2009
__S1                     (abs)        007E
__S2                     (abs)        0000
__S3                     (abs)        0000
__Umul8_16               text9        012D
__Umul8_16@multiplicand  cstackCOMMON 0070
__Umul8_16@multiplier    cstackCOMMON 0078
__Umul8_16@product       cstackCOMMON 0074
__Umul8_16@word_mpld     cstackCOMMON 0076
___flmul                 text8        0479
___flmul@a               cstackBANK0  0024
___flmul@aexp            cstackBANK0  0032
___flmul@b               cstackBANK0  0020
___flmul@bexp            cstackBANK0  0033
___flmul@grs             cstackBANK0  002E
___flmul@prod            cstackBANK0  0034
___flmul@sign            cstackBANK0  002D
___flmul@temp            cstackBANK0  0038
___fltol                 text7        01C9
___fltol@exp1            cstackBANK0  0044
___fltol@f1              cstackBANK0  003A
___fltol@sign1           cstackBANK0  0043
___int_sp                stack        0000
___latbits               (abs)        0002
___sp                    stack        0000
___wmul                  text10       0105
___wmul@multiplicand     cstackCOMMON 0072
___wmul@multiplier       cstackCOMMON 0070
___wmul@product          cstackCOMMON 0074
___xxtofl                text6        0265
___xxtofl@arg            cstackCOMMON 007A
___xxtofl@exp            cstackCOMMON 0079
___xxtofl@sign           cstackCOMMON 0078
___xxtofl@val            cstackCOMMON 0070
__end_of__Umul8_16       text9        0157
__end_of___flmul         text8        07EE
__end_of___fltol         text7        0265
__end_of___wmul          text10       012D
__end_of___xxtofl        text6        0327
__end_of__initialization cinit        07FC
__end_of__stringtab      strings      0009
__end_of_main            maintext     0479
__end_of_motorPasso      text5        01C9
__end_of_uartIniciar     text4        00AB
__end_of_uartRXC         text3        00E1
__end_of_uartTXC         text2        0087
__end_of_uartTXT         text1        0105
__initialization         cinit        07EE
__pcstackBANK0           cstackBANK0  0020
__pcstackCOMMON          cstackCOMMON 0070
__pdataBANK0             dataBANK0    0054
__pidataBANK0            idataBANK0   0087
__pmaintext              maintext     0327
__pstrings               strings      0003
__ptext1                 text1        00E1
__ptext10                text10       0105
__ptext2                 text2        0079
__ptext3                 text3        00BE
__ptext4                 text4        0098
__ptext5                 text5        0157
__ptext6                 text6        0265
__ptext7                 text7        01C9
__ptext8                 text8        0479
__ptext9                 text9        012D
__size_of__Umul8_16      (abs)        0000
__size_of___flmul        (abs)        0000
__size_of___fltol        (abs)        0000
__size_of___wmul         (abs)        0000
__size_of___xxtofl       (abs)        0000
__size_of_main           (abs)        0000
__size_of_motorPasso     (abs)        0000
__size_of_uartIniciar    (abs)        0000
__size_of_uartRXC        (abs)        0000
__size_of_uartTXC        (abs)        0000
__size_of_uartTXT        (abs)        0000
__stringbase             strings      0008
__stringtab              strings      0003
_main                    maintext     0327
_matDir                  dataBANK0    005D
_matEsq                  dataBANK0    0061
_motorPasso              text5        0157
_uartIniciar             text4        0098
_uartRXC                 text3        00BE
_uartTXC                 text2        0079
_uartTXT                 text1        00E1
adcIniciarCanal@F1277    dataBANK0    0054
btemp                    (abs)        007E
end_of_initialization    cinit        07FC
init_fetch0              inittext     00AB
init_ram0                inittext     00AF
intlevel0                functab      0000
intlevel1                functab      0000
intlevel2                functab      0000
intlevel3                functab      0000
intlevel4                functab      0000
intlevel5                functab      0000
main@ang                 cstackBANK0  0052
main@contar              cstackBANK0  0050
main@valor               cstackBANK0  0051
main@valorBin            cstackBANK0  004E
motorPasso@ang           cstackBANK0  0045
motorPasso@contar        cstackBANK0  004A
motorPasso@sentido       cstackBANK0  0047
reset_vec                reset_vec    0000
stackhi                  (abs)        0000
stacklo                  (abs)        0000
start                    init         0000
start_initialization     cinit        07EE
uartRXC@kTemp            cstackCOMMON 0072
uartRXC@rxValor          cstackCOMMON 0073
uartRXC@tmrOut           cstackCOMMON 0071
uartTXC@dado             cstackCOMMON 0070
uartTXT@i                cstackCOMMON 0072
uartTXT@texto            cstackCOMMON 0073
wtemp0                   (abs)        007E


FUNCTION INFORMATION:

 *************** function _main *****************
 Defined at:
		line 249 in file "uart_step.c"
 Parameters:    Size  Location     Type
		None
 Auto vars:     Size  Location     Type
  ang             2   50[BANK0 ] unsigned int 
  valorBin        2   46[BANK0 ] unsigned int 
  valor           1   49[BANK0 ] unsigned char 
  contar          1   48[BANK0 ] unsigned char 
 Return value:  Size  Location     Type
                  1    wreg      void 
 Registers used:
		wreg, fsr0l, fsr0h, status,2, status,0, btemp+1, pclath, cstack
 Tracked objects:
		On entry : 
		On exit  : 
		Unchanged: 
 Data sizes:     COMMON   BANK0   BANK1   BANK3   BANK2
      Params:         0       0       0       0       0
      Locals:         0       6       0       0       0
      Temps:          0       2       0       0       0
      Totals:         0       8       0       0       0
Total ram usage:        8 bytes
 Hardware stack levels required when called:    3
 This function calls:
		___wmul
		_motorPasso
		_uartIniciar
		_uartRXC
		_uartTXC
		_uartTXT
 This function is called by:
		Startup code after reset
 This function uses a non-reentrant model


 *************** function _uartTXT *****************
 Defined at:
		line 240 in file "uart_step.c"
 Parameters:    Size  Location     Type
  texto           1    wreg     PTR const unsigned char 
		 -> STR_7(13), STR_6(13), STR_5(3), STR_4(11), 
		 -> STR_3(3), STR_2(19), STR_1(15), 
 Auto vars:     Size  Location     Type
  texto           1    3[COMMON] PTR const unsigned char 
		 -> STR_7(13), STR_6(13), STR_5(3), STR_4(11), 
		 -> STR_3(3), STR_2(19), STR_1(15), 
  i               1    2[COMMON] unsigned char 
 Return value:  Size  Location     Type
                  1    wreg      void 
 Registers used:
		wreg, fsr0l, fsr0h, status,2, status,0, pclath, cstack
 Tracked objects:
		On entry : 
		On exit  : 
		Unchanged: 
 Data sizes:     COMMON   BANK0   BANK1   BANK3   BANK2
      Params:         0       0       0       0       0
      Locals:         2       0       0       0       0
      Temps:          1       0       0       0       0
      Totals:         3       0       0       0       0
Total ram usage:        3 bytes
 Hardware stack levels used:    1
 Hardware stack levels required when called:    1
 This function calls:
		_uartTXC
 This function is called by:
		_main
 This function uses a non-reentrant model


 *************** function _uartTXC *****************
 Defined at:
		line 217 in file "uart_step.c"
 Parameters:    Size  Location     Type
  dado            1    wreg     const unsigned char 
 Auto vars:     Size  Location     Type
  dado            1    0[COMMON] const unsigned char 
 Return value:  Size  Location     Type
                  1    wreg      void 
 Registers used:
		wreg
 Tracked objects:
		On entry : 
		On exit  : 
		Unchanged: 
 Data sizes:     COMMON   BANK0   BANK1   BANK3   BANK2
      Params:         0       0       0       0       0
      Locals:         1       0       0       0       0
      Temps:          0       0       0       0       0
      Totals:         1       0       0       0       0
Total ram usage:        1 bytes
 Hardware stack levels used:    1
 This function calls:
		Nothing
 This function is called by:
		_uartTXT
		_main
 This function uses a non-reentrant model


 *************** function _uartRXC *****************
 Defined at:
		line 223 in file "uart_step.c"
 Parameters:    Size  Location     Type
		None
 Auto vars:     Size  Location     Type
  rxValor         1    3[COMMON] unsigned char 
  kTemp           1    2[COMMON] unsigned char 
  tmrOut          1    1[COMMON] unsigned char 
 Return value:  Size  Location     Type
                  1    wreg      unsigned char 
 Registers used:
		wreg, status,2, status,0
 Tracked objects:
		On entry : 
		On exit  : 
		Unchanged: 
 Data sizes:     COMMON   BANK0   BANK1   BANK3   BANK2
      Params:         0       0       0       0       0
      Locals:         3       0       0       0       0
      Temps:          1       0       0       0       0
      Totals:         4       0       0       0       0
Total ram usage:        4 bytes
 Hardware stack levels used:    1
 This function calls:
		Nothing
 This function is called by:
		_main
 This function uses a non-reentrant model


 *************** function _uartIniciar *****************
 Defined at:
		line 206 in file "uart_step.c"
 Parameters:    Size  Location     Type
		None
 Auto vars:     Size  Location     Type
		None
 Return value:  Size  Location     Type
                  1    wreg      void 
 Registers used:
		wreg
 Tracked objects:
		On entry : 
		On exit  : 
		Unchanged: 
 Data sizes:     COMMON   BANK0   BANK1   BANK3   BANK2
      Params:         0       0       0       0       0
      Locals:         0       0       0       0       0
      Temps:          0       0       0       0       0
      Totals:         0       0       0       0       0
Total ram usage:        0 bytes
 Hardware stack levels used:    1
 This function calls:
		Nothing
 This function is called by:
		_main
 This function uses a non-reentrant model


 *************** function _motorPasso *****************
 Defined at:
		line 193 in file "uart_step.c"
 Parameters:    Size  Location     Type
  ang             2   37[BANK0 ] unsigned int 
  sentido         1   39[BANK0 ] unsigned char 
 Auto vars:     Size  Location     Type
  contar          2   42[BANK0 ] unsigned int 
 Return value:  Size  Location     Type
                  1    wreg      void 
 Registers used:
		wreg, fsr0l, fsr0h, status,2, status,0, btemp+1, pclath, cstack
 Tracked objects:
		On entry : 
		On exit  : 
		Unchanged: 
 Data sizes:     COMMON   BANK0   BANK1   BANK3   BANK2
      Params:         0       3       0       0       0
      Locals:         0       2       0       0       0
      Temps:          0       2       0       0       0
      Totals:         0       7       0       0       0
Total ram usage:        7 bytes
 Hardware stack levels used:    1
 Hardware stack levels required when called:    2
 This function calls:
		___flmul
		___fltol
		___xxtofl
 This function is called by:
		_main
 This function uses a non-reentrant model


 *************** function ___xxtofl *****************
 Defined at:
		line 10 in file "C:\Program Files (x86)\Microchip\xc8\v2.00\pic\sources\c90\common\xxtofl.c"
 Parameters:    Size  Location     Type
  sign            1    wreg     unsigned char 
  val             4    0[COMMON] long 
 Auto vars:     Size  Location     Type
  sign            1    8[COMMON] unsigned char 
  arg             4   10[COMMON] unsigned long 
  exp             1    9[COMMON] unsigned char 
 Return value:  Size  Location     Type
                  4    0[COMMON] unsigned char 
 Registers used:
		wreg, status,2, status,0
 Tracked objects:
		On entry : 
		On exit  : 
		Unchanged: 
 Data sizes:     COMMON   BANK0   BANK1   BANK3   BANK2
      Params:         4       0       0       0       0
      Locals:         6       0       0       0       0
      Temps:          4       0       0       0       0
      Totals:        14       0       0       0       0
Total ram usage:       14 bytes
 Hardware stack levels used:    1
 This function calls:
		Nothing
 This function is called by:
		_motorPasso
		_celsius
 This function uses a non-reentrant model


 *************** function ___fltol *****************
 Defined at:
		line 43 in file "C:\Program Files (x86)\Microchip\xc8\v2.00\pic\sources\c90\common\fltol.c"
 Parameters:    Size  Location     Type
  f1              4   26[BANK0 ] unsigned char 
 Auto vars:     Size  Location     Type
  exp1            1   36[BANK0 ] unsigned char 
  sign1           1   35[BANK0 ] unsigned char 
 Return value:  Size  Location     Type
                  4   26[BANK0 ] long 
 Registers used:
		wreg, status,2, status,0
 Tracked objects:
		On entry : 
		On exit  : 
		Unchanged: 
 Data sizes:     COMMON   BANK0   BANK1   BANK3   BANK2
      Params:         0       4       0       0       0
      Locals:         0       2       0       0       0
      Temps:          0       5       0       0       0
      Totals:         0      11       0       0       0
Total ram usage:       11 bytes
 Hardware stack levels used:    1
 This function calls:
		Nothing
 This function is called by:
		_motorPasso
		_celsius
 This function uses a non-reentrant model


 *************** function ___flmul *****************
 Defined at:
		line 8 in file "C:\Program Files (x86)\Microchip\xc8\v2.00\pic\sources\c90\common\sprcmul.c"
 Parameters:    Size  Location     Type
  b               4    0[BANK0 ] long 
  a               4    4[BANK0 ] long 
 Auto vars:     Size  Location     Type
  prod            4   20[BANK0 ] struct .
  grs             4   14[BANK0 ] unsigned long 
  temp            2   24[BANK0 ] struct .
  bexp            1   19[BANK0 ] unsigned char 
  aexp            1   18[BANK0 ] unsigned char 
  sign            1   13[BANK0 ] unsigned char 
 Return value:  Size  Location     Type
                  4    0[BANK0 ] unsigned char 
 Registers used:
		wreg, status,2, status,0, btemp+1, pclath, cstack
 Tracked objects:
		On entry : 
		On exit  : 
		Unchanged: 
 Data sizes:     COMMON   BANK0   BANK1   BANK3   BANK2
      Params:         0       8       0       0       0
      Locals:         0      13       0       0       0
      Temps:          0       5       0       0       0
      Totals:         0      26       0       0       0
Total ram usage:       26 bytes
 Hardware stack levels used:    1
 Hardware stack levels required when called:    1
 This function calls:
		__Umul8_16
 This function is called by:
		_motorPasso
		_celsius
 This function uses a non-reentrant model


 *************** function __Umul8_16 *****************
 Defined at:
		line 4 in file "C:\Program Files (x86)\Microchip\xc8\v2.00\pic\sources\c90\common\Umul8_16.c"
 Parameters:    Size  Location     Type
  multiplier      1    wreg     unsigned char 
  multiplicand    1    0[COMMON] unsigned char 
 Auto vars:     Size  Location     Type
  multiplier      1    8[COMMON] unsigned char 
  word_mpld       2    6[COMMON] unsigned int 
  product         2    4[COMMON] unsigned int 
 Return value:  Size  Location     Type
                  2    0[COMMON] unsigned int 
 Registers used:
		wreg, status,2, status,0
 Tracked objects:
		On entry : 
		On exit  : 
		Unchanged: 
 Data sizes:     COMMON   BANK0   BANK1   BANK3   BANK2
      Params:         2       0       0       0       0
      Locals:         5       0       0       0       0
      Temps:          2       0       0       0       0
      Totals:         9       0       0       0       0
Total ram usage:        9 bytes
 Hardware stack levels used:    1
 This function calls:
		Nothing
 This function is called by:
		___flmul
 This function uses a non-reentrant model


 *************** function ___wmul *****************
 Defined at:
		line 15 in file "C:\Program Files (x86)\Microchip\xc8\v2.00\pic\sources\c90\common\Umul16.c"
 Parameters:    Size  Location     Type
  multiplier      2    0[COMMON] unsigned int 
  multiplicand    2    2[COMMON] unsigned int 
 Auto vars:     Size  Location     Type
  product         2    4[COMMON] unsigned int 
 Return value:  Size  Location     Type
                  2    0[COMMON] unsigned int 
 Registers used:
		wreg, status,2, status,0
 Tracked objects:
		On entry : 
		On exit  : 
		Unchanged: 
 Data sizes:     COMMON   BANK0   BANK1   BANK3   BANK2
      Params:         4       0       0       0       0
      Locals:         2       0       0       0       0
      Temps:          0       0       0       0       0
      Totals:         6       0       0       0       0
Total ram usage:        6 bytes
 Hardware stack levels used:    1
 This function calls:
		Nothing
 This function is called by:
		_main
 This function uses a non-reentrant model



MODULE INFORMATION

Module		Function		Class		Link	Load	Size
C:\Program Files (x86)\Microchip\xc8\v2.00\pic\sources\c90\common\sprcmul.c
		___flmul       		CODE           	0479	0000	886

C:\Program Files (x86)\Microchip\xc8\v2.00\pic\sources\c90\common\sprcmul.c estimated size: 886

C:\Program Files (x86)\Microchip\xc8\v2.00\pic\sources\c90\common\Umul16.c
		___wmul        		CODE           	0105	0000	41

C:\Program Files (x86)\Microchip\xc8\v2.00\pic\sources\c90\common\Umul16.c estimated size: 41

C:\Program Files (x86)\Microchip\xc8\v2.00\pic\sources\c90\common\fltol.c
		___fltol       		CODE           	01C9	0000	157

C:\Program Files (x86)\Microchip\xc8\v2.00\pic\sources\c90\common\fltol.c estimated size: 157

shared
		__stringtab    		STRING         	0003	0000	7
		__initialization		CODE           	07EE	0000	15

shared estimated size: 22

C:\Program Files (x86)\Microchip\xc8\v2.00\pic\sources\c90\common\xxtofl.c
		___xxtofl      		CODE           	0265	0000	195

C:\Program Files (x86)\Microchip\xc8\v2.00\pic\sources\c90\common\xxtofl.c estimated size: 195

uart_step.c
		_motorPasso    		CODE           	0157	0000	115
		_uartTXC       		CODE           	0079	0000	15
		_main          		CODE           	0327	0000	339
		_uartRXC       		CODE           	00BE	0000	36
		_uartTXT       		CODE           	00E1	0000	37
		_uartIniciar   		CODE           	0098	0000	20

uart_step.c estimated size: 562

C:\Program Files (x86)\Microchip\xc8\v2.00\pic\sources\c90\common\Umul8_16.c
		__Umul8_16     		CODE           	012D	0000	43

C:\Program Files (x86)\Microchip\xc8\v2.00\pic\sources\c90\common\Umul8_16.c estimated size: 43

